INFO         | Android emulator version 36.2.12.0 (build_id 14214601) (CL:N/A)
INFO         | Graphics backend: gfxstream
INFO         | Found systemPath /home/stevan/Android/Sdk/system-images/android-36.1/google_apis_playstore/x86_64/
WARNING      | Please update the emulator to one that supports the feature(s): VulkanVirtualQueue
INFO         | Guest GLES Driver: Auto (ext controls)
library_mode host gpu mode host
INFO         | emuglConfig_get_vulkan_hardware_gpu_support_info: Found physical GPU 'NVIDIA GeForce MX150', type: VK_PHYSICAL_DEVICE_TYPE_DISCRETE_GPU, apiVersion: 1.4.312, driverVersion: 580.95

INFO         | emuglConfig_get_vulkan_hardware_gpu_support_info: Found physical GPU 'Intel(R) UHD Graphics 620 (KBL GT2)', type: VK_PHYSICAL_DEVICE_TYPE_INTEGRATED_GPU, apiVersion: 1.4.311, driverVersion: 25.1.9

INFO         | emuglConfig_get_vulkan_hardware_gpu_support_info: Found physical GPU 'llvmpipe (LLVM 20.1.8, 256 bits)', type: VK_PHYSICAL_DEVICE_TYPE_CPU, apiVersion: 1.4.311, driverVersion: 25.1.9

INFO         | GPU device local memory = 2294MB
INFO         | Checking system compatibility:
INFO         |   Checking: hasSufficientDiskSpace
INFO         |      Ok: Disk space requirements to run avd: `Medium_Phone_API_36.1` are met
INFO         |   Checking: hasSufficientHwGpu
INFO         |      Ok: Hardware GPU requirements to run avd: `Medium_Phone_API_36.1` are passed
INFO         |   Checking: hasSufficientSystem
INFO         |      Ok: System requirements to run avd: `Medium_Phone_API_36.1` are met
INFO         | Warning: Could not find the Qt platform plugin "wayland" in "/home/stevan/Android/Sdk/emulator/lib64/qt/plugins" (:0, )
INFO         | Warning: QMetaObject::connectSlotsByName: No matching signal for on_btn_xr_environment_living_room_day_clicked() (:0, )
INFO         | Warning: QMetaObject::connectSlotsByName: No matching signal for on_btn_xr_environment_living_room_night_clicked() (:0, )
INFO         | Warning: QMetaObject::connectSlotsByName: No matching signal for on_new_posture_requested(int) (:0, )
INFO         | Warning: QMetaObject::connectSlotsByName: No matching signal for on_dismiss_posture_selection_dialog() (:0, )
INFO         | Warning: QMetaObject::connectSlotsByName: No matching signal for on_new_resizable_requested(PresetEmulatorSizeType) (:0, )
INFO         | Warning: QMetaObject::connectSlotsByName: No matching signal for on_dismiss_resizable_dialog() (:0, )
INFO         | Warning: QMetaObject::connectSlotsByName: No matching signal for on_xr_environment_mode_changed(int) (:0, )
INFO         | Warning: QMetaObject::connectSlotsByName: No matching signal for on_dismiss_xr_environment_mode_dialog() (:0, )
INFO         | Warning: QMetaObject::connectSlotsByName: No matching signal for on_xr_input_mode_changed(int) (:0, )
INFO         | Warning: QMetaObject::connectSlotsByName: No matching signal for on_dismiss_xr_input_mode_dialog() (:0, )
INFO         | Warning: QMetaObject::connectSlotsByName: No matching signal for on_sleep_timer_done() (:0, )
INFO         | Warning: QMetaObject::connectSlotsByName: No matching signal for on_unfold_timer_done() (:0, )
INFO         | Storing crashdata in: /tmp/android-stevan/emu-crash-36.2.12.db, detection is enabled for process: 19106
INFO         | Initializing hardware OpenGLES emulation support
INFO         | android_startOpenglesRenderer: gpu info
INFO         | 
INFO         | HealthMonitor disabled.
INFO         | SharedLibrary::open for [libvulkan.so]
INFO         | SharedLibrary::open for [libvulkan.so]: not found in map, open for the first time
INFO         | SharedLibrary::open for [libvulkan.so] (posix): begin
INFO         | SharedLibrary::open for [libvulkan.so] (posix,linux): call dlopen on [libvulkan.so]
INFO         | SharedLibrary::open succeeded for [libvulkan.so].
INFO         | Added library: libvulkan.so
INFO         | Selecting Vulkan device: NVIDIA GeForce MX150, Version: 1.4.312
INFO         | Disabling sparse binding feature support
INFO         | SharedLibrary::open for [libX11]
INFO         | SharedLibrary::open for [libX11]: not found in map, open for the first time
INFO         | SharedLibrary::open for [libX11] (posix): begin
INFO         | SharedLibrary::open for [libX11] (posix,linux): call dlopen on [libX11.so]
INFO         | SharedLibrary::open succeeded for [libX11].
INFO         | SharedLibrary::open for [libGL.so.1]
INFO         | SharedLibrary::open for [libGL.so.1]: not found in map, open for the first time
INFO         | SharedLibrary::open for [libGL.so.1] (posix): begin
INFO         | SharedLibrary::open for [libGL.so.1] (posix,linux): call dlopen on [libGL.so.1]
INFO         | SharedLibrary::open succeeded for [libGL.so.1].
WARNING      | Skip R5G6B5 support on Google (Intel)
WARNING      | Skip R5G5B5 support on Google (Intel)
WARNING      | Skip R5G6B5 support on Google (Intel)
WARNING      | Skip R5G5B5 support on Google (Intel)
INFO         | SharedLibrary::open for [libshadertranslator.so]: not found in map, open for the first time
INFO         | SharedLibrary::open for [libshadertranslator.so] (posix): begin
INFO         | SharedLibrary::open for [libshadertranslator.so] (posix,linux): call dlopen on [libshadertranslator.so]
INFO         | SharedLibrary::open succeeded for [libshadertranslator.so].
INFO         | Initializing VkEmulation features:
INFO         |     glInteropSupported: false
INFO         |     useDeferredCommands: true
INFO         |     createResourceWithRequirements: true
INFO         |     useVulkanComposition: false
INFO         |     useVulkanNativeSwapchain: false
INFO         |     enable guestRenderDoc: false
INFO         |     ASTC LDR emulation mode: Gpu
INFO         |     enable ETC2 emulation: true
INFO         |     enable Ycbcr emulation: false
INFO         |     guestVulkanOnly: false
INFO         |     useDedicatedAllocations: false
INFO         | Graphics Adapter Vendor Google (Intel)
INFO         | Graphics Adapter Android Emulator OpenGL ES Translator (Mesa Intel(R) UHD Graphics 620 (KBL GT2))
INFO         | Graphics API Version OpenGL ES 3.0 (4.6 (Core Profile) Mesa 25.1.9)
INFO         | Graphics API Extensions GL_OES_EGL_sync GL_OES_EGL_image GL_OES_EGL_image_external GL_OES_depth24 GL_OES_depth32 GL_OES_element_index_uint GL_OES_texture_float GL_OES_texture_float_linear GL_OES_compressed_paletted_texture GL_OES_compressed_ETC1_RGB8_texture GL_OES_depth_texture GL_OES_texture_half_float GL_OES_texture_half_float_linear GL_OES_packed_depth_stencil GL_OES_vertex_half_float GL_OES_texture_npot GL_OES_rgb8_rgba8 GL_EXT_color_buffer_float GL_EXT_color_buffer_half_float GL_EXT_texture_format_BGRA8888 GL_APPLE_texture_format_BGRA8888 
INFO         | Graphics Device Extensions N/A
INFO         | Sending adb public key [QAAAAL3NxMZrKkHJ4HR+Y4QMRTE2djmxRqClI0/WJxWuvXAAcOrz2LUfzW6ofMAhlpBtLsB0Ts2BQbwlVTHKaAGaOzIJn326A13ffEoAwFI2VB6hHZsh56Q03X/SkGhz/GSJGGV8OyTRWbqG2Gf1KRnZP73BvlBtecGrI4b2peu5LIYngRXcNvQvWek4TforqIdh4zBIP7x2wT2vZqTHLwsUvqrIEh/+/YtaFKTPpWJp/E0gEpkie96s8i+KzgO/uhelUbscffWsnjwEii4IpZZy6LCtSF+QoKLucidf8GSNMpYrKKO8A7JuC6DV8Ai6e4Q5jnIbLQTxXnxXRdaWGnJ91Mtee971WF0eMhnYXMEdq6hzpY+09b1sfxdCwdokhEKLfWcEjXTZuqfvoYA2uw60Z9t89O+EctbFHV4riskbeKCAZxlvDR0shFN0Jn7ev0lPt3xq1CUdgIN54YqxJ5iLYV5w1CJaw7ZoiKf8NblozxeYACEGN4XqpSyPb6QMEttcebqoi6DBoUkFxnrXqzg86DICzsuyDqKeuU6FCpOfj2TiCy/kGloDbqi7m0BRqGTrIGbf+NljEXdYw/Frf7HASt3qDg0w+HYQZmaVIFRIHXZ6XyRlc5pELMhiCSraoJGZYMTnfY5W67gy2LWz5y9+XmqUj1Ng/qrl4DpT/ou4iUaNTQxcRwEAAQA= stevan@fedora]
INFO         | Userspace boot properties:
INFO         |   androidboot.boot_devices=pci0000:00/0000:00:03.0 pci0000:00/0000:00:06.0
INFO         |   androidboot.dalvik.vm.heapsize=512m
INFO         |   androidboot.debug.hwui.renderer=skiagl
INFO         |   androidboot.debug.sf.nobootanimation=1
INFO         |   androidboot.hardware=ranchu
INFO         |   androidboot.hardware.gltransport=pipe
INFO         |   androidboot.hardware.vulkan=ranchu
INFO         |   androidboot.logcat=*:V
INFO         |   androidboot.opengles.version=196608
INFO         |   androidboot.qemu=1
INFO         |   androidboot.qemu.adb.pubkey=QAAAAL3NxMZrKkHJ4HR+Y4QMRTE2djmxRqClI0/WJxWuvXAAcOrz2LUfzW6ofMAhlpBtLsB0Ts2BQbwlVTHKaAGaOzIJn326A13ffEoAwFI2VB6hHZsh56Q03X/SkGhz/GSJGGV8OyTRWbqG2Gf1KRnZP73BvlBtecGrI4b2peu5LIYngRXcNvQvWek4TforqIdh4zBIP7x2wT2vZqTHLwsUvqrIEh/+/YtaFKTPpWJp/E0gEpkie96s8i+KzgO/uhelUbscffWsnjwEii4IpZZy6LCtSF+QoKLucidf8GSNMpYrKKO8A7JuC6DV8Ai6e4Q5jnIbLQTxXnxXRdaWGnJ91Mtee971WF0eMhnYXMEdq6hzpY+09b1sfxdCwdokhEKLfWcEjXTZuqfvoYA2uw60Z9t89O+EctbFHV4riskbeKCAZxlvDR0shFN0Jn7ev0lPt3xq1CUdgIN54YqxJ5iLYV5w1CJaw7ZoiKf8NblozxeYACEGN4XqpSyPb6QMEttcebqoi6DBoUkFxnrXqzg86DICzsuyDqKeuU6FCpOfj2TiCy/kGloDbqi7m0BRqGTrIGbf+NljEXdYw/Frf7HASt3qDg0w+HYQZmaVIFRIHXZ6XyRlc5pELMhiCSraoJGZYMTnfY5W67gy2LWz5y9+XmqUj1Ng/qrl4DpT/ou4iUaNTQxcRwEAAQA= stevan@fedora
INFO         |   androidboot.qemu.avd_name=Medium_Phone_API_36.1
INFO         |   androidboot.qemu.camera_hq_edge_processing=0
INFO         |   androidboot.qemu.camera_protocol_ver=1
INFO         |   androidboot.qemu.cpuvulkan.version=4202496
INFO         |   androidboot.qemu.gltransport.drawFlushInterval=800
INFO         |   androidboot.qemu.gltransport.name=pipe
INFO         |   androidboot.qemu.hwcodec.avcdec=2
INFO         |   androidboot.qemu.hwcodec.hevcdec=2
INFO         |   androidboot.qemu.hwcodec.vpxdec=2
INFO         |   androidboot.qemu.settings.system.screen_off_timeout=2147483647
INFO         |   androidboot.qemu.virtiowifi=1
INFO         |   androidboot.qemu.vsync=60
INFO         |   androidboot.serialno=EMULATOR36X2X12X0
INFO         |   androidboot.vbmeta.digest=985534687e7068fe518baf7329565a3d751ac7eefcd99a2439c5c663b465aa72
INFO         |   androidboot.vbmeta.hash_alg=sha256
INFO         |   androidboot.vbmeta.size=6784
INFO         |   androidboot.veritymode=enforcing
INFO         | Monitoring duration of emulator setup.
WARNING      | The emulator now requires a signed jwt token for gRPC access! Use the -grpc flag if you really want an open unprotected grpc port
INFO         | Using security allow list from: /home/stevan/Android/Sdk/emulator/lib/emulator_access.json
WARNING      | *** Basic token auth should only be used by android-studio ***
INFO         | The active JSON Web Key Sets can be found here: /run/user/1000/avd/running/19106/jwks/a8f4ec81-9760-4f60-9f8b-a11d3cb6c8bf/active.jwk
INFO         | Scanning /run/user/1000/avd/running/19106/jwks/a8f4ec81-9760-4f60-9f8b-a11d3cb6c8bf for jwk keys.
INFO         | Started GRPC server at 127.0.0.1:8554, security: Local, auth: +token
INFO         | Advertising in: /run/user/1000/avd/running/pid_19106.ini
INFO         | Setting display: 0 configuration to: 1080x2400, dpi: 420x420 
INFO         | setDisplayActiveConfig 0
INFO         | Checking system compatibility:
INFO         |   Checking: hasSufficientDiskSpace
INFO         |      Ok: Disk space requirements to run avd: `Medium_Phone_API_36.1` are met
INFO         |   Checking: hasSufficientHwGpu
INFO         |      Ok: Hardware GPU requirements to run avd: `Medium_Phone_API_36.1` are passed
INFO         |   Checking: hasSufficientSystem
INFO         |      Ok: System requirements to run avd: `Medium_Phone_API_36.1` are met
INFO         | OpenGL Vendor=[Google (Intel)]
INFO         | OpenGL Renderer=[Android Emulator OpenGL ES Translator (Mesa Intel(R) UHD Graphics 620 (KBL GT2))]
INFO         | OpenGL Version=[OpenGL ES 3.0 (4.6 (Core Profile) Mesa 25.1.9)]
WARNING      | adb command '/home/stevan/Android/Sdk/platform-tools/adb -s emulator-5554 shell am start-foreground-service -e meter on com.android.emulator.radio.config/.MeterService ' failed: 'adb: device offline'
INFO        INFO         |  | Activated packet streamer for uwb emulation
Activated packet streamer for bluetooth emulation
INFO         | Boot completed in 68182 ms
INFO         | Increasing screen off timeout, logcat buffer size to 2M.
WARNING      | Not saving state: RAM not mapped as shared
INFO         | Wait for emulator (pid 19106) 20 seconds to shutdown gracefully before kill;you can set environment variable ANDROID_EMULATOR_WAIT_TIME_BEFORE_KILL(in seconds) to change the default value (20 seconds)

INFO         | Saving snapshot 'default_boot' using 32 ms
ERROR        | stop: Not implemented
